load("@rules_cc//cc:defs.bzl", "cc_binary")

cc_binary(
    name = "aliases",
    srcs = ["aliases.cpp"],
    deps = [
        "@dep",
        "@dep//:widget",
    ],
)

cc_binary(
    name = "fetched_fmt",
    srcs = ["fetched_fmt.cpp"],
    deps = ["@fetched_fmt"],
)

cc_binary(
    name = "fmt",
    srcs = ["fmt.cpp"],
    deps = ["@fmt"],
)
